// Jest Snapshot v1, https://goo.gl/fbAQLP

exports[`Categories renders the component 1`] = `
<div name="release-management-list" class="app-container">
  <el-row-stub tag="div" gutter="20" justify="start" align="top">
    <el-col-stub span="24" tag="div" lg="24">
      <el-row-stub tag="div" justify="start" align="top" style="margin: 10px 0px;">
        <el-col-stub span="12" tag="div">
          <router-link-stub to="[object Object]" tag="a" event="click">
            <el-button-stub type="primary" size="small" icon="el-icon-plus" nativetype="button">
              Tambah Release
            </el-button-stub>
          </router-link-stub>
        </el-col-stub>
      </el-row-stub>
      <el-table-stub fit="true" stripe="true" border="true" showheader="true" highlightcurrentrow="true" selectonindeterminate="true" indent="16" style="width: 100%;">
        <el-table-column-stub type="index" width="50" resizable="true" align="center" filtermultiple="true" index="function () { [native code] }" sortorders="ascending,descending,"></el-table-column-stub>
        <el-table-column-stub type="default" label="Version" prop="version" minwidth="150" sortable="custom" resizable="true" filtermultiple="true" sortorders="ascending,descending,"></el-table-column-stub>
        <el-table-column-stub type="default" label="Force Update" prop="force_update" minwidth="150" sortable="custom" resizable="true" formatter="function () { [native code] }" filtermultiple="true" sortorders="ascending,descending,"></el-table-column-stub>
        <el-table-column-stub type="default" label="Actions" minwidth="150px" resizable="true" align="center" filtermultiple="true" sortorders="ascending,descending,"></el-table-column-stub>
      </el-table-stub>
      <pagination-stub total="0" page="1" limit="10" pagesizes="10,20,30,50" layout="total, sizes, prev, pager, next, jumper" background="true" autoscroll="true" style="display: none;"></pagination-stub>
    </el-col-stub>
  </el-row-stub>
</div>
`;
